// Jest Snapshot v1, https://goo.gl/fbAQLP

exports[`Table renders a Table base on context 1`] = `
<div
  className="accordion"
  id="banking-audit"
>
  <div
    className="card"
  >
    <div
      className="card-header undefined"
    >
      <h5
        className="mb-0"
      />
    </div>
    <div>
      <div
        className="card-body"
      >
        <div
          className="form-group"
        >
          <input
            aria-label="Search"
            className="form-control col-2"
            onChange={[Function]}
            placeholder="搜索"
            type="search"
          />
        </div>
        <table
          className="table table-hover"
        >
          <thead
            className="sticky-top"
          >
            <tr>
              <th
                scope="col"
              >
                property
              </th>
              <th
                scope="col"
              >
                property2
              </th>
            </tr>
          </thead>
          <tbody>
            <tr
              data-target="#modalId"
              data-toggle="modal"
              onClick={[Function]}
            >
              <td>
                1.1
              </td>
              <td>
                1.2
              </td>
            </tr>
            <tr
              data-target="#modalId"
              data-toggle="modal"
              onClick={[Function]}
            >
              <td>
                2.1
              </td>
              <td>
                2.2
              </td>
            </tr>
          </tbody>
        </table>
      </div>
    </div>
  </div>
</div>
`;
